// Jest Snapshot v1, https://goo.gl/fbAQLP

exports[`PostCard renders correctly 1`] = `
<div class="card">
  <div class="card-content"> </div>
  <footer class="card-footer"><a href="/#" target="_blank" class="card-footer-item">Read More</a></footer>
</div>
`;
